// Jest Snapshot v1, https://goo.gl/fbAQLP

exports[`CreateCloneEnvironmentModal should match snapshots 1`] = `
<body>
  <div>
    <div
      class="p-5"
    >
      <h2
        class="h4 max-w-sm truncate text-neutral-400 dark:text-neutral-50"
      >
        Create Environment
      </h2>
      <p
        class="mt-2 text-sm text-neutral-350 dark:text-neutral-50"
      >
        Create a new environment and deploy your applications.
      </p>
      <span
        aria-controls="radix-:rd:"
        aria-expanded="false"
        aria-haspopup="dialog"
        class="mt-2 cursor-pointer text-sm font-medium text-brand-500 transition hover:text-brand-600"
        data-state="closed"
        type="button"
      >
        Show how it works 
        <i
          aria-hidden="true"
          class="fa-regular fa-circle-question text-xs"
        />
      </span>
      <form
        class="mt-6"
      >
        <div
          class="mb-6"
          data-testid="input-text-wrapper"
        >
          <div
            class="relative"
          >
            <div
              aria-label="input-container"
              class="input     "
            >
              <div
                class=""
              >
                <label
                  class="translate-y-2 text-sm"
                  for="Environment name"
                >
                  Environment name
                </label>
                <input
                  class="input__value "
                  data-testid="input-text"
                  id="Environment name"
                  name="name"
                  type="text"
                  value=""
                />
              </div>
            </div>
          </div>
        </div>
        <div
          class="mb-6"
        >
          <div
            class="input input--select    "
            data-testid="input-select-cluster"
          >
            <label
              class="top-1.5 translate-y-2 text-sm"
              for="Cluster"
            >
              Cluster
            </label>
            <div
              class=" css-b62m3t-container"
            >
              <span
                class="css-1f43avz-a11yText-A11yText"
                id="react-select-4-live-region"
              />
              <span
                aria-atomic="false"
                aria-live="polite"
                aria-relevant="additions text"
                class="css-1f43avz-a11yText-A11yText"
              />
              <div
                class="input-select__control css-13cymwt-control"
              >
                <div
                  class="input-select__value-container css-1fdsijx-ValueContainer"
                >
                  <div
                    class="input-select__placeholder css-1jqq78o-placeholder"
                    id="react-select-4-placeholder"
                  >
                    Select...
                  </div>
                  <input
                    aria-autocomplete="list"
                    aria-describedby="react-select-4-placeholder"
                    aria-expanded="false"
                    aria-haspopup="true"
                    aria-readonly="true"
                    class="css-mohuvp-dummyInput-DummyInput"
                    id="Cluster"
                    inputmode="none"
                    role="combobox"
                    tabindex="0"
                    value=""
                  />
                </div>
                <div
                  class="input-select__indicators css-1hb7zxy-IndicatorsContainer"
                >
                  <span
                    class="input-select__indicator-separator css-1u9des2-indicatorSeparator"
                  />
                  <div
                    aria-hidden="true"
                    class="input-select__indicator input-select__dropdown-indicator css-1xc3v61-indicatorContainer"
                  >
                    <svg
                      aria-hidden="true"
                      class="css-tj5bde-Svg"
                      focusable="false"
                      height="20"
                      viewBox="0 0 20 20"
                      width="20"
                    >
                      <path
                        d="M4.516 7.548c0.436-0.446 1.043-0.481 1.576 0l3.908 3.747 3.908-3.747c0.533-0.481 1.141-0.446 1.574 0 0.436 0.445 0.408 1.197 0 1.615-0.406 0.418-4.695 4.502-4.695 4.502-0.217 0.223-0.502 0.335-0.787 0.335s-0.57-0.112-0.789-0.335c0 0-4.287-4.084-4.695-4.502s-0.436-1.17 0-1.615z"
                      />
                    </svg>
                  </div>
                </div>
              </div>
              <input
                name="Cluster"
                type="hidden"
                value=""
              />
            </div>
            <input
              name="Cluster"
              type="hidden"
              value=""
            />
            <div
              class="pointer-events-none absolute right-4 top-1/2 -translate-y-1/2"
            >
              <span
                class="icon-solid-angle-down shrink-0 text-sm text-neutral-400"
                role="img"
              />
            </div>
          </div>
        </div>
        <div
          class="mb-6"
        >
          <div
            class="input input--select input--has-icon   "
            data-testid="input-select-mode"
          >
            <div
              class="absolute left-0 top-0 flex h-full w-12 items-center justify-center"
              data-testid="selected-icon"
            >
              <span
                class="items-center shrink-0 text-xs border rounded border-neutral-250 text-neutral-350 dark:border-neutral-350 dark:text-neutral-300 flex h-4 w-4 justify-center p-0 font-semibold"
                data-accent-color="neutral"
              >
                D
              </span>
            </div>
            <label
              class="!translate-y-0 !text-xs ml-8"
              for="Type"
            >
              Type
            </label>
            <div
              class=" css-b62m3t-container"
            >
              <span
                class="css-1f43avz-a11yText-A11yText"
                id="react-select-5-live-region"
              />
              <span
                aria-atomic="false"
                aria-live="polite"
                aria-relevant="additions text"
                class="css-1f43avz-a11yText-A11yText"
              />
              <div
                class="input-select__control css-13cymwt-control"
              >
                <div
                  class="input-select__value-container input-select__value-container--has-value css-1fdsijx-ValueContainer"
                >
                  <span
                    class="mr-1 text-sm text-neutral-400"
                  >
                    Development
                  </span>
                  <input
                    aria-autocomplete="list"
                    aria-expanded="false"
                    aria-haspopup="true"
                    aria-readonly="true"
                    class="css-mohuvp-dummyInput-DummyInput"
                    id="Type"
                    inputmode="none"
                    role="combobox"
                    tabindex="0"
                    value=""
                  />
                </div>
                <div
                  class="input-select__indicators css-1hb7zxy-IndicatorsContainer"
                >
                  <span
                    class="input-select__indicator-separator css-1u9des2-indicatorSeparator"
                  />
                  <div
                    aria-hidden="true"
                    class="input-select__indicator input-select__dropdown-indicator css-1xc3v61-indicatorContainer"
                  >
                    <svg
                      aria-hidden="true"
                      class="css-tj5bde-Svg"
                      focusable="false"
                      height="20"
                      viewBox="0 0 20 20"
                      width="20"
                    >
                      <path
                        d="M4.516 7.548c0.436-0.446 1.043-0.481 1.576 0l3.908 3.747 3.908-3.747c0.533-0.481 1.141-0.446 1.574 0 0.436 0.445 0.408 1.197 0 1.615-0.406 0.418-4.695 4.502-4.695 4.502-0.217 0.223-0.502 0.335-0.787 0.335s-0.57-0.112-0.789-0.335c0 0-4.287-4.084-4.695-4.502s-0.436-1.17 0-1.615z"
                      />
                    </svg>
                  </div>
                </div>
              </div>
              <input
                name="Type"
                type="hidden"
                value="DEVELOPMENT"
              />
            </div>
            <input
              name="Type"
              type="hidden"
              value="DEVELOPMENT"
            />
            <div
              class="pointer-events-none absolute right-4 top-1/2 -translate-y-1/2"
            >
              <span
                class="icon-solid-angle-down shrink-0 text-sm text-neutral-400"
                role="img"
              />
            </div>
          </div>
        </div>
        <div
          class="mt-6 flex justify-end gap-3"
        >
          <button
            class="inline-flex items-center shrink-0 font-medium transition focus-visible:[&:not(:active)]:outline-2 outline-0 hover:[&:not(:focus-visible):not(:disabled)]:shadow-sm active:[&:not(:focus-visible)]:shadow-none outline-brand-500 text-sm h-11 px-5 rounded border border-transparent text-neutral-350 hover:[&:not(:active):not(:focus-visible)]:border-neutral-300 hover:[&:not(:disabled)]:text-neutral-400 dark:hover:[&:not(:disabled)]:text-neutral-250 focus-visible:text-neutral-400 active:bg-neutral-150 dark:active:bg-transparent active:text-neutral-400 disabled:text-neutral-300 disabled:bg-neutral-150 disabled:border-none"
            data-testid="cancel-button"
            type="button"
          >
            Cancel
          </button>
          <button
            class="inline-flex items-center shrink-0 font-medium transition focus-visible:[&:not(:active)]:outline-2 outline-0 shadow-sm disabled:shadow-none active:shadow-none outline-neutral-500 text-sm h-11 px-5 rounded bg-brand-500 active:bg-brand-600 hover:bg-brand-400 text-white disabled:text-brand-300 disabled:bg-brand-100"
            data-testid="submit-button"
            disabled=""
            type="submit"
          >
            Create
          </button>
        </div>
      </form>
    </div>
  </div>
</body>
`;
