// Jest Snapshot v1, https://goo.gl/fbAQLP

exports[`ServiceCloneModal should match snapshot 1`] = `
<div>
  <div
    class="p-5"
  >
    <h2
      class="h4 max-w-sm truncate text-neutral-400 dark:text-neutral-50"
    >
      Clone Service
    </h2>
    <p
      class="mt-2 text-sm text-neutral-350 dark:text-neutral-50"
    >
      Clone the service on the same or different target environment.
    </p>
    <span
      aria-controls="radix-:r6:"
      aria-expanded="false"
      aria-haspopup="dialog"
      class="mt-2 cursor-pointer text-sm font-medium text-brand-500 transition hover:text-brand-600"
      data-state="closed"
      type="button"
    >
      Show how it works 
      <i
        aria-hidden="true"
        class="fa-regular fa-circle-question text-xs"
      />
    </span>
    <form
      class="mt-6"
    >
      <div
        class="mb-6"
        data-testid="input-text-wrapper"
      >
        <div
          class="relative"
        >
          <div
            aria-label="input-container"
            class="input input--disabled input--disabled !border-neutral-250  input--label-up "
          >
            <div
              class="pointer-events-none"
            >
              <label
                class="translate-y-2 text-sm"
                for="Service to clone"
              >
                Service to clone
              </label>
              <input
                class="input__value "
                data-testid="input-text"
                disabled=""
                id="Service to clone"
                name="clone"
                type="text"
                value="my-service"
              />
            </div>
          </div>
        </div>
      </div>
      <div
        class="mb-6"
        data-testid="input-text-wrapper"
      >
        <div
          class="relative"
        >
          <div
            aria-label="input-container"
            class="input    input--label-up "
          >
            <div
              class=""
            >
              <label
                class="translate-y-2 text-sm"
                for="New service name"
              >
                New service name
              </label>
              <input
                class="input__value "
                data-testid="input-text"
                id="New service name"
                name="name"
                type="text"
                value="my-service-clone"
              />
            </div>
          </div>
        </div>
      </div>
      <div
        class="mb-6"
      >
        <div
          class="input input--select    "
          data-testid="select"
        >
          <label
            class="top-1.5 translate-y-2 text-sm"
            for="Project"
          >
            Project
          </label>
          <div
            class=" css-b62m3t-container"
          >
            <span
              class="css-1f43avz-a11yText-A11yText"
              id="react-select-2-live-region"
            />
            <span
              aria-atomic="false"
              aria-live="polite"
              aria-relevant="additions text"
              class="css-1f43avz-a11yText-A11yText"
            />
            <div
              class="input-select__control css-13cymwt-control"
            >
              <div
                class="input-select__value-container css-1fdsijx-ValueContainer"
              >
                <div
                  class="input-select__placeholder css-1jqq78o-placeholder"
                  id="react-select-2-placeholder"
                >
                  Select...
                </div>
                <div
                  class="input-select__input-container css-qbdosj-Input"
                  data-value=""
                >
                  <input
                    aria-autocomplete="list"
                    aria-describedby="react-select-2-placeholder"
                    aria-expanded="false"
                    aria-haspopup="true"
                    autocapitalize="none"
                    autocomplete="off"
                    autocorrect="off"
                    class="input-select__input"
                    id="Project"
                    role="combobox"
                    spellcheck="false"
                    style="opacity: 1; width: 100%; grid-area: 1 / 2; min-width: 2px; border: 0px; margin: 0px; outline: 0; padding: 0px;"
                    tabindex="0"
                    type="text"
                    value=""
                  />
                </div>
              </div>
              <div
                class="input-select__indicators css-1hb7zxy-IndicatorsContainer"
              >
                <span
                  class="input-select__indicator-separator css-1u9des2-indicatorSeparator"
                />
                <div
                  aria-hidden="true"
                  class="input-select__indicator input-select__dropdown-indicator css-1xc3v61-indicatorContainer"
                >
                  <svg
                    aria-hidden="true"
                    class="css-tj5bde-Svg"
                    focusable="false"
                    height="20"
                    viewBox="0 0 20 20"
                    width="20"
                  >
                    <path
                      d="M4.516 7.548c0.436-0.446 1.043-0.481 1.576 0l3.908 3.747 3.908-3.747c0.533-0.481 1.141-0.446 1.574 0 0.436 0.445 0.408 1.197 0 1.615-0.406 0.418-4.695 4.502-4.695 4.502-0.217 0.223-0.502 0.335-0.787 0.335s-0.57-0.112-0.789-0.335c0 0-4.287-4.084-4.695-4.502s-0.436-1.17 0-1.615z"
                    />
                  </svg>
                </div>
              </div>
            </div>
            <input
              name="Project"
              type="hidden"
              value=""
            />
          </div>
          <input
            name="Project"
            type="hidden"
            value=""
          />
          <div
            class="pointer-events-none absolute right-4 top-1/2 -translate-y-1/2"
          >
            <span
              class="icon-solid-angle-down shrink-0 text-sm text-neutral-400"
              role="img"
            />
          </div>
        </div>
      </div>
      <div
        class="mb-6"
      >
        <div
          class="input input--select    "
          data-testid="select"
        >
          <label
            class="top-1.5 translate-y-2 text-sm"
            for="Environment"
          >
            Environment
          </label>
          <div
            class=" css-b62m3t-container"
          >
            <span
              class="css-1f43avz-a11yText-A11yText"
              id="react-select-3-live-region"
            />
            <span
              aria-atomic="false"
              aria-live="polite"
              aria-relevant="additions text"
              class="css-1f43avz-a11yText-A11yText"
            />
            <div
              class="input-select__control css-13cymwt-control"
            >
              <div
                class="input-select__value-container css-1fdsijx-ValueContainer"
              >
                <div
                  class="input-select__placeholder css-1jqq78o-placeholder"
                  id="react-select-3-placeholder"
                >
                  Select...
                </div>
                <div
                  class="input-select__input-container css-qbdosj-Input"
                  data-value=""
                >
                  <input
                    aria-autocomplete="list"
                    aria-describedby="react-select-3-placeholder"
                    aria-expanded="false"
                    aria-haspopup="true"
                    autocapitalize="none"
                    autocomplete="off"
                    autocorrect="off"
                    class="input-select__input"
                    id="Environment"
                    role="combobox"
                    spellcheck="false"
                    style="opacity: 1; width: 100%; grid-area: 1 / 2; min-width: 2px; border: 0px; margin: 0px; outline: 0; padding: 0px;"
                    tabindex="0"
                    type="text"
                    value=""
                  />
                </div>
              </div>
              <div
                class="input-select__indicators css-1hb7zxy-IndicatorsContainer"
              >
                <span
                  class="input-select__indicator-separator css-1u9des2-indicatorSeparator"
                />
                <div
                  aria-hidden="true"
                  class="input-select__indicator input-select__dropdown-indicator css-1xc3v61-indicatorContainer"
                >
                  <svg
                    aria-hidden="true"
                    class="css-tj5bde-Svg"
                    focusable="false"
                    height="20"
                    viewBox="0 0 20 20"
                    width="20"
                  >
                    <path
                      d="M4.516 7.548c0.436-0.446 1.043-0.481 1.576 0l3.908 3.747 3.908-3.747c0.533-0.481 1.141-0.446 1.574 0 0.436 0.445 0.408 1.197 0 1.615-0.406 0.418-4.695 4.502-4.695 4.502-0.217 0.223-0.502 0.335-0.787 0.335s-0.57-0.112-0.789-0.335c0 0-4.287-4.084-4.695-4.502s-0.436-1.17 0-1.615z"
                    />
                  </svg>
                </div>
              </div>
            </div>
            <input
              name="Environment"
              type="hidden"
              value=""
            />
          </div>
          <input
            name="Environment"
            type="hidden"
            value=""
          />
          <div
            class="pointer-events-none absolute right-4 top-1/2 -translate-y-1/2"
          >
            <span
              class="icon-solid-angle-down shrink-0 text-sm text-neutral-400"
              role="img"
            />
          </div>
        </div>
      </div>
      <div
        class="mt-6 flex justify-end gap-3"
      >
        <button
          class="inline-flex items-center shrink-0 font-medium transition focus-visible:[&:not(:active)]:outline-2 outline-0 hover:[&:not(:focus-visible):not(:disabled)]:shadow-sm active:[&:not(:focus-visible)]:shadow-none outline-brand-500 text-sm h-11 px-5 rounded border border-transparent text-neutral-350 hover:[&:not(:active):not(:focus-visible)]:border-neutral-300 hover:[&:not(:disabled)]:text-neutral-400 dark:hover:[&:not(:disabled)]:text-neutral-250 focus-visible:text-neutral-400 active:bg-neutral-150 dark:active:bg-transparent active:text-neutral-400 disabled:text-neutral-300 disabled:bg-neutral-150 disabled:border-none"
          data-testid="cancel-button"
          type="button"
        >
          Cancel
        </button>
        <button
          class="inline-flex items-center shrink-0 font-medium transition focus-visible:[&:not(:active)]:outline-2 outline-0 shadow-sm disabled:shadow-none active:shadow-none outline-neutral-500 text-sm h-11 px-5 rounded bg-brand-500 active:bg-brand-600 hover:bg-brand-400 text-white disabled:text-brand-300 disabled:bg-brand-100"
          data-testid="submit-button"
          disabled=""
          type="submit"
        >
          Clone
        </button>
      </div>
    </form>
  </div>
</div>
`;
