// Jest Snapshot v1, https://goo.gl/fbAQLP

exports[`ButtonPopoverSubnets should match snapshot 1`] = `
<body>
  <span
    data-radix-focus-guard=""
    style="outline: none; opacity: 0; position: fixed; pointer-events: none;"
    tabindex="0"
  />
  <button
    aria-controls="radix-:rd:"
    aria-expanded="true"
    aria-haspopup="dialog"
    class="inline-flex items-center shrink-0 font-medium transition focus-visible:[&:not(:active)]:outline-2 outline-0 shadow-sm disabled:shadow-none active:shadow-none outline-brand-500 text-xs h-7 px-2 rounded-full border dark:border-neutral-400 text-neutral-400 dark:text-white hover:[&:not(:active)]:border-neutral-300 dark:hover:[&:not(:active):not(:disabled)]:border-neutral-350 active:bg-neutral-150 disabled:text-neutral-300 disabled:bg-neutral-100 disabled:border-none dark:bg-neutral-500 hover:[&:not(:active):not(:disabled)]:bg-white dark:hover:[&:not(:active):not(:disabled)]:bg-neutral-400 self-start border-green-500 bg-white"
    data-state="open"
    type="button"
  >
    EKS
  </button>
  <div
    data-radix-popper-content-wrapper=""
    style="position: fixed; left: 0px; top: 0px; transform: translate(0px, 8px); min-width: max-content; --radix-popper-available-width: -20px; --radix-popper-available-height: -18px; --radix-popper-anchor-width: 0px; --radix-popper-anchor-height: 0px; --radix-popper-transform-origin: 0% 0px;"
  >
    <div
      class="rounded bg-white shadow-xl outline-none data-[state=open]:data-[side=bottom]:animate-slidein-up-sm-faded data-[state=open]:data-[side=left]:animate-slidein-right-sm-faded data-[state=open]:data-[side=right]:animate-slidein-left-sm-faded data-[state=open]:data-[side=top]:animate-slidein-down-sm-faded dark:border dark:border-neutral-500 dark:bg-neutral-550 relative divide-y p-0 text-sm text-neutral-350 data-[state=open]:block data-[state=closed]:hidden"
      data-align="start"
      data-side="bottom"
      data-state="open"
      id="radix-:rd:"
      role="dialog"
      style="width: 648px; --radix-popover-content-transform-origin: var(--radix-popper-transform-origin); --radix-popover-content-available-width: var(--radix-popper-available-width); --radix-popover-content-available-height: var(--radix-popper-available-height); --radix-popover-trigger-width: var(--radix-popper-anchor-width); --radix-popover-trigger-height: var(--radix-popper-anchor-height);"
      tabindex="-1"
    >
      <div
        class="flex flex-col gap-3 p-4"
      >
        <h6
          class="font-medium text-neutral-400"
        >
          EKS subnets
        </h6>
        <ul
          class="flex flex-col gap-3"
        >
          <li
            class="grid grid-cols-[6fr_6fr_6fr_1fr] items-center gap-x-2 text-sm font-medium text-neutral-350"
          >
            <span>
              IDs zone A
            </span>
            <span>
              IDs zone B
            </span>
            <span>
              IDs zone C
            </span>
            <span />
          </li>
          <li
            class="grid grid-cols-[6fr_6fr_6fr_1fr] items-center gap-x-2"
          >
            <div
              class="w-full"
              data-testid="input-small-wrapper"
            >
              <div
                class="input input--small flex-grow"
                data-testid="input"
              >
                <label
                  class="hidden"
                />
                <input
                  class="absolute left-0 top-0 h-full w-full rounded px-2 text-sm text-neutral-400 placeholder:text-neutral-350"
                  data-testid="input-value"
                  name="eks_subnets.0.A"
                  type="text"
                  value="test"
                />
              </div>
            </div>
            <div
              class="w-full"
              data-testid="input-small-wrapper"
            >
              <div
                class="input input--small flex-grow"
                data-testid="input"
              >
                <label
                  class="hidden"
                />
                <input
                  class="absolute left-0 top-0 h-full w-full rounded px-2 text-sm text-neutral-400 placeholder:text-neutral-350"
                  data-testid="input-value"
                  name="eks_subnets.0.B"
                  type="text"
                  value="test"
                />
              </div>
            </div>
            <div
              class="w-full"
              data-testid="input-small-wrapper"
            >
              <div
                class="input input--small flex-grow"
                data-testid="input"
              >
                <label
                  class="hidden"
                />
                <input
                  class="absolute left-0 top-0 h-full w-full rounded px-2 text-sm text-neutral-400 placeholder:text-neutral-350"
                  data-testid="input-value"
                  name="eks_subnets.0.C"
                  type="text"
                  value="test"
                />
              </div>
            </div>
            <button
              class="inline-flex items-center shrink-0 font-medium transition focus-visible:[&:not(:active)]:outline-2 outline-0 hover:[&:not(:focus-visible):not(:disabled)]:shadow-sm active:[&:not(:focus-visible)]:shadow-none outline-brand-500 text-sm h-9 px-3 rounded border border-transparent text-neutral-350 hover:[&:not(:active):not(:focus-visible)]:border-neutral-300 hover:[&:not(:disabled)]:text-neutral-400 dark:hover:[&:not(:disabled)]:text-neutral-250 focus-visible:text-neutral-400 active:bg-neutral-150 dark:active:bg-transparent active:text-neutral-400 disabled:text-neutral-300 disabled:bg-neutral-150 disabled:border-none w-full"
              type="button"
            >
              <i
                aria-hidden="true"
                class="fa-regular fa-trash-can text-base"
              />
            </button>
          </li>
        </ul>
        <button
          class="inline-flex items-center shrink-0 font-medium transition focus-visible:[&:not(:active)]:outline-2 outline-0 hover:[&:not(:focus-visible):not(:disabled)]:shadow-sm active:[&:not(:focus-visible)]:shadow-none outline-brand-500 text-sm h-9 px-3 rounded border border-transparent text-neutral-350 hover:[&:not(:active):not(:focus-visible)]:border-neutral-300 hover:[&:not(:disabled)]:text-neutral-400 dark:hover:[&:not(:disabled)]:text-neutral-250 focus-visible:text-neutral-400 active:bg-neutral-150 dark:active:bg-transparent active:text-neutral-400 disabled:text-neutral-300 disabled:bg-neutral-150 disabled:border-none self-end"
          type="button"
        >
          Add subnets
          <i
            aria-hidden="true"
            class="fa-solid fa-plus ml-2 text-base"
          />
        </button>
      </div>
      <div
        class="flex flex-col gap-4 p-4 text-right text-base"
      >
        <div>
          <button
            class="inline-flex items-center shrink-0 font-medium transition focus-visible:[&:not(:active)]:outline-2 outline-0 hover:[&:not(:focus-visible):not(:disabled)]:shadow-sm active:[&:not(:focus-visible)]:shadow-none outline-brand-500 text-sm h-9 px-3 rounded border border-transparent text-neutral-350 hover:[&:not(:active):not(:focus-visible)]:border-neutral-300 hover:[&:not(:disabled)]:text-neutral-400 dark:hover:[&:not(:disabled)]:text-neutral-250 focus-visible:text-neutral-400 active:bg-neutral-150 dark:active:bg-transparent active:text-neutral-400 disabled:text-neutral-300 disabled:bg-neutral-150 disabled:border-none mr-1"
            type="button"
          >
            Cancel
          </button>
          <span
            type="button"
          >
            <button
              class="inline-flex items-center shrink-0 font-medium transition focus-visible:[&:not(:active)]:outline-2 outline-0 shadow-sm disabled:shadow-none active:shadow-none outline-neutral-500 text-sm h-9 px-3 rounded bg-brand-500 active:bg-brand-600 hover:bg-brand-400 text-white disabled:text-brand-300 disabled:bg-brand-100"
              type="button"
            >
              Confirm
            </button>
          </span>
        </div>
      </div>
    </div>
  </div>
  <span
    data-radix-focus-guard=""
    style="outline: none; opacity: 0; position: fixed; pointer-events: none;"
    tabindex="0"
  />
</body>
`;

exports[`ButtonPopoverSubnets should match snapshot with invalid state 1`] = `
<body>
  <span
    data-radix-focus-guard=""
    style="outline: none; opacity: 0; position: fixed; pointer-events: none;"
    tabindex="0"
  />
  <button
    aria-controls="radix-:rk:"
    aria-expanded="true"
    aria-haspopup="dialog"
    class="inline-flex items-center shrink-0 font-medium transition focus-visible:[&:not(:active)]:outline-2 outline-0 shadow-sm disabled:shadow-none active:shadow-none outline-brand-500 text-xs h-7 px-2 rounded-full border dark:border-neutral-400 text-neutral-400 dark:text-white hover:[&:not(:active)]:border-neutral-300 dark:hover:[&:not(:active):not(:disabled)]:border-neutral-350 active:bg-neutral-150 disabled:text-neutral-300 disabled:bg-neutral-100 disabled:border-none dark:bg-neutral-500 hover:[&:not(:active):not(:disabled)]:bg-white dark:hover:[&:not(:active):not(:disabled)]:bg-neutral-400 self-start border-red-500 bg-white"
    data-state="open"
    type="button"
  >
    EKS
  </button>
  <div
    data-radix-popper-content-wrapper=""
    style="position: fixed; left: 0px; top: 0px; transform: translate(0px, 8px); min-width: max-content; --radix-popper-available-width: -20px; --radix-popper-available-height: -18px; --radix-popper-anchor-width: 0px; --radix-popper-anchor-height: 0px; --radix-popper-transform-origin: 0% 0px;"
  >
    <div
      class="rounded bg-white shadow-xl outline-none data-[state=open]:data-[side=bottom]:animate-slidein-up-sm-faded data-[state=open]:data-[side=left]:animate-slidein-right-sm-faded data-[state=open]:data-[side=right]:animate-slidein-left-sm-faded data-[state=open]:data-[side=top]:animate-slidein-down-sm-faded dark:border dark:border-neutral-500 dark:bg-neutral-550 relative divide-y p-0 text-sm text-neutral-350 data-[state=open]:block data-[state=closed]:hidden"
      data-align="start"
      data-side="bottom"
      data-state="open"
      id="radix-:rk:"
      role="dialog"
      style="width: 648px; --radix-popover-content-transform-origin: var(--radix-popper-transform-origin); --radix-popover-content-available-width: var(--radix-popper-available-width); --radix-popover-content-available-height: var(--radix-popper-available-height); --radix-popover-trigger-width: var(--radix-popper-anchor-width); --radix-popover-trigger-height: var(--radix-popper-anchor-height);"
      tabindex="-1"
    >
      <div
        class="flex flex-col gap-3 p-4"
      >
        <h6
          class="font-medium text-neutral-400"
        >
          EKS subnets
        </h6>
        <ul
          class="flex flex-col gap-3"
        >
          <li
            class="grid grid-cols-[6fr_6fr_6fr_1fr] items-center gap-x-2 text-sm font-medium text-neutral-350"
          >
            <span>
              IDs zone A
            </span>
            <span>
              IDs zone B
            </span>
            <span>
              IDs zone C
            </span>
            <span />
          </li>
          <li
            class="grid grid-cols-[6fr_6fr_6fr_1fr] items-center gap-x-2"
          >
            <div
              class="w-full"
              data-testid="input-small-wrapper"
            >
              <div
                class="input input--small flex-grow"
                data-testid="input"
              >
                <label
                  class="hidden"
                />
                <input
                  class="absolute left-0 top-0 h-full w-full rounded px-2 text-sm text-neutral-400 placeholder:text-neutral-350"
                  data-testid="input-value"
                  name="eks_subnets.0.A"
                  type="text"
                  value="test"
                />
              </div>
            </div>
            <div
              class="w-full"
              data-testid="input-small-wrapper"
            >
              <div
                class="input input--small flex-grow"
                data-testid="input"
              >
                <label
                  class="hidden"
                />
                <input
                  class="absolute left-0 top-0 h-full w-full rounded px-2 text-sm text-neutral-400 placeholder:text-neutral-350"
                  data-testid="input-value"
                  name="eks_subnets.0.B"
                  type="text"
                  value="test"
                />
              </div>
            </div>
            <div
              class="w-full"
              data-testid="input-small-wrapper"
            >
              <div
                class="input input--small flex-grow"
                data-testid="input"
              >
                <label
                  class="hidden"
                />
                <input
                  class="absolute left-0 top-0 h-full w-full rounded px-2 text-sm text-neutral-400 placeholder:text-neutral-350"
                  data-testid="input-value"
                  name="eks_subnets.0.C"
                  type="text"
                  value=""
                />
              </div>
            </div>
            <button
              class="inline-flex items-center shrink-0 font-medium transition focus-visible:[&:not(:active)]:outline-2 outline-0 hover:[&:not(:focus-visible):not(:disabled)]:shadow-sm active:[&:not(:focus-visible)]:shadow-none outline-brand-500 text-sm h-9 px-3 rounded border border-transparent text-neutral-350 hover:[&:not(:active):not(:focus-visible)]:border-neutral-300 hover:[&:not(:disabled)]:text-neutral-400 dark:hover:[&:not(:disabled)]:text-neutral-250 focus-visible:text-neutral-400 active:bg-neutral-150 dark:active:bg-transparent active:text-neutral-400 disabled:text-neutral-300 disabled:bg-neutral-150 disabled:border-none w-full"
              type="button"
            >
              <i
                aria-hidden="true"
                class="fa-regular fa-trash-can text-base"
              />
            </button>
          </li>
        </ul>
        <button
          class="inline-flex items-center shrink-0 font-medium transition focus-visible:[&:not(:active)]:outline-2 outline-0 hover:[&:not(:focus-visible):not(:disabled)]:shadow-sm active:[&:not(:focus-visible)]:shadow-none outline-brand-500 text-sm h-9 px-3 rounded border border-transparent text-neutral-350 hover:[&:not(:active):not(:focus-visible)]:border-neutral-300 hover:[&:not(:disabled)]:text-neutral-400 dark:hover:[&:not(:disabled)]:text-neutral-250 focus-visible:text-neutral-400 active:bg-neutral-150 dark:active:bg-transparent active:text-neutral-400 disabled:text-neutral-300 disabled:bg-neutral-150 disabled:border-none self-end"
          type="button"
        >
          Add subnets
          <i
            aria-hidden="true"
            class="fa-solid fa-plus ml-2 text-base"
          />
        </button>
      </div>
      <div
        class="flex flex-col gap-4 p-4 text-right text-base"
      >
        <div>
          <button
            class="inline-flex items-center shrink-0 font-medium transition focus-visible:[&:not(:active)]:outline-2 outline-0 hover:[&:not(:focus-visible):not(:disabled)]:shadow-sm active:[&:not(:focus-visible)]:shadow-none outline-brand-500 text-sm h-9 px-3 rounded border border-transparent text-neutral-350 hover:[&:not(:active):not(:focus-visible)]:border-neutral-300 hover:[&:not(:disabled)]:text-neutral-400 dark:hover:[&:not(:disabled)]:text-neutral-250 focus-visible:text-neutral-400 active:bg-neutral-150 dark:active:bg-transparent active:text-neutral-400 disabled:text-neutral-300 disabled:bg-neutral-150 disabled:border-none mr-1"
            type="button"
          >
            Cancel
          </button>
          <span
            type="button"
          >
            <button
              class="inline-flex items-center shrink-0 font-medium transition focus-visible:[&:not(:active)]:outline-2 outline-0 shadow-sm disabled:shadow-none active:shadow-none outline-neutral-500 text-sm h-9 px-3 rounded bg-brand-500 active:bg-brand-600 hover:bg-brand-400 text-white disabled:text-brand-300 disabled:bg-brand-100"
              data-state="closed"
              disabled=""
              type="button"
            >
              Confirm
            </button>
          </span>
        </div>
      </div>
    </div>
  </div>
  <span
    data-radix-focus-guard=""
    style="outline: none; opacity: 0; position: fixed; pointer-events: none;"
    tabindex="0"
  />
</body>
`;
