// Jest Snapshot v1, https://goo.gl/fbAQLP

exports[`ServiceBadge should match snapshot 1`] = `
<body>
  <div>
    <div
      class="relative flex items-center justify-center rounded-full border border-neutral-200 h-16 w-16"
    >
      <svg
        class="shrink-0 h-10 w-10"
        fill="none"
        name="LIFECYCLE_JOB"
        viewBox="0 0 22 22"
        width="1.5rem"
        xmlns="http://www.w3.org/2000/svg"
      >
        <g
          opacity="0.7"
        >
          <circle
            cx="10.875"
            cy="11"
            r="10.15"
            stroke="#42E8E0"
            stroke-width="0.3"
          />
          <ellipse
            cx="10.876"
            cy="11.077"
            fill="#EAEAFE"
            rx="7.669"
            ry="7.669"
          />
          <path
            clip-rule="evenodd"
            d="M1.762 11.076a9.114 9.114 0 019.036-9.113v2.72a6.394 6.394 0 00-6.316 6.393h-2.72z"
            fill="url(#paint0_linear_10128_95071)"
            fill-rule="evenodd"
          />
          <path
            clip-rule="evenodd"
            d="M10.688 1.963a9.218 9.218 0 019.218 9.14h-2.751a6.467 6.467 0 00-6.467-6.389V1.963z"
            fill="url(#paint1_linear_10128_95071)"
            fill-rule="evenodd"
          />
          <path
            clip-rule="evenodd"
            d="M19.906 11a9.231 9.231 0 01-9.036 9.112v-2.756A6.476 6.476 0 0017.15 11h2.756z"
            fill="url(#paint2_linear_10128_95071)"
            fill-rule="evenodd"
          />
          <path
            clip-rule="evenodd"
            d="M10.875 20.113a9.114 9.114 0 01-9.113-9.037h2.72a6.394 6.394 0 006.393 6.317v2.72z"
            fill="url(#paint3_linear_10128_95071)"
            fill-rule="evenodd"
          />
          <path
            d="M11.514 3.326L10.15 1.963v2.726l1.364-1.363zM18.543 11.72l1.363-1.364H17.18l1.363 1.364zM10.15 18.75l1.364 1.363v-2.726L10.15 18.75zM3.152 10.357L1.79 11.72h2.726l-1.363-1.363z"
            fill="#fff"
          />
          <rect
            fill="#fff"
            height="1.252"
            rx="0.626"
            width="5.803"
            x="7.975"
            y="8.274"
          />
          <rect
            fill="#fff"
            height="1.252"
            rx="0.626"
            width="5.803"
            x="7.975"
            y="10.45"
          />
          <rect
            fill="#fff"
            height="1.252"
            rx="0.626"
            width="5.803"
            x="7.975"
            y="12.627"
          />
          <rect
            fill="#8987C9"
            height="1.252"
            rx="0.626"
            width="5.803"
            x="7.975"
            y="8.198"
          />
          <rect
            fill="#8987C9"
            height="1.252"
            rx="0.626"
            width="5.803"
            x="7.975"
            y="10.374"
          />
          <rect
            fill="#8987C9"
            height="1.252"
            rx="0.626"
            width="5.803"
            x="7.975"
            y="12.55"
          />
        </g>
        <defs>
          <lineargradient
            gradientUnits="userSpaceOnUse"
            id="paint0_linear_10128_95071"
            x1="11.349"
            x2="7.509"
            y1="17.65"
            y2="6.193"
          >
            <stop
              stop-color="#8987C9"
            />
            <stop
              offset="1"
              stop-color="#BDBFFF"
            />
          </lineargradient>
          <lineargradient
            gradientUnits="userSpaceOnUse"
            id="paint1_linear_10128_95071"
            x1="16.627"
            x2="13.808"
            y1="11.103"
            y2="4.453"
          >
            <stop
              stop-color="#8987C9"
            />
            <stop
              offset="1"
              stop-color="#BDBFFF"
            />
          </lineargradient>
          <lineargradient
            gradientUnits="userSpaceOnUse"
            id="paint2_linear_10128_95071"
            x1="16.527"
            x2="17.628"
            y1="17.334"
            y2="18.595"
          >
            <stop
              stop-color="#8987C9"
            />
            <stop
              offset="1"
              stop-color="#BDBFFF"
            />
          </lineargradient>
          <lineargradient
            gradientUnits="userSpaceOnUse"
            id="paint3_linear_10128_95071"
            x1="6.85"
            x2="1.762"
            y1="18.01"
            y2="18.19"
          >
            <stop
              stop-color="#8987C9"
            />
            <stop
              offset="1"
              stop-color="#BDBFFF"
            />
          </lineargradient>
        </defs>
      </svg>
      <span
        class="absolute -right-0.5 -top-0.5 p-0.5 h-6 w-6"
        data-state="closed"
      >
        <svg
          class="shrink-0 h-full w-full"
          fill="none"
          name="TERRAFORM"
          viewBox="0 0 11 12"
          width="1.5rem"
          xmlns="http://www.w3.org/2000/svg"
        >
          <path
            d="M7.28 4.01v3.786l3.28-1.892v-3.79L7.28 4.01zM3.64 2.114L6.92 4.01v3.786L3.64 5.902V2.114zM0 0v3.788l3.28 1.894V1.894L0 0zm3.64 10.106L6.92 12V8.212L3.64 6.318v3.788z"
            fill="#7B42BC"
          />
        </svg>
      </span>
    </div>
  </div>
</body>
`;
