// Jest Snapshot v1, https://goo.gl/fbAQLP

exports[`PageSettingsKubeconfig should match snapshot 1`] = `
<div>
  <div
    class="flex w-full flex-col justify-between"
  >
    <section
      class="flex flex-col max-w-content-with-navigation-left p-8"
    >
      <div
        class="mb-8 flex w-full justify-between gap-2"
      >
        <div>
          <h1
            class="text-neutral-400 text-xl font-bold mb-2"
          >
            Kubeconfig
          </h1>
          <p
            class="mb-3 max-w-lg text-sm text-neutral-400"
          >
            Upload your Kubeconfig file here.
          </p>
          <button
            class="inline-flex shrink-0 font-medium transition focus-visible:[&:not(:active)]:outline-2 outline-0 shadow-sm disabled:shadow-none active:shadow-none outline-neutral-500 text-xs h-6 px-2 rounded bg-brand-50 border border-brand-500 text-brand-500 hover:[&:not(:active):not(:disabled)]:bg-white w-fit items-center gap-1"
          >
            <i
              aria-hidden="true"
              class="fa-regular fa-circle-question p-0.5 text-xs"
            />
            <span>
              Need help here?
            </span>
          </button>
        </div>
      </div>
      <div
        class="flex items-center gap-2 rounded border border-neutral-200 p-3"
      >
        <div
          class="p-2"
        >
          <i
            aria-hidden="true"
            class="fa-solid fa-file-lines "
          />
        </div>
        <div
          class="flex grow flex-col text-xs"
        >
          <span
            class="font-medium text-neutral-400"
          >
            Kubeconfig
          </span>
          <a
            class="cursor-pointer transition duration-100 font-medium inline-flex items-center gap-1 text-sky-500 hover:text-sky-600 text-xs"
            href="/kubeconfig?organizationId=123&clusterId=0"
            rel="noopener noreferrer"
            target="_blank"
          >
            View 
            <i
              aria-hidden="true"
              class="fa-solid fa-eye "
            />
          </a>
        </div>
        <div
          class="flex gap-2"
        >
          <button
            class="inline-flex items-center shrink-0 font-medium transition focus-visible:[&:not(:active)]:outline-2 outline-0 shadow-sm disabled:shadow-none active:shadow-none bg-white dark:bg-neutral-600 outline-brand-500 text-xs h-7 px-2 rounded border border-neutral-250 dark:border-neutral-400 text-neutral-400 dark:text-white hover:[&:not(:active)]:border-neutral-300 dark:hover:[&:not(:active):not(:disabled)]:border-neutral-350 active:bg-neutral-150 disabled:text-neutral-300 disabled:bg-neutral-100 disabled:border-none"
            role="presentation"
            tabindex="0"
            type="button"
          >
            <input
              multiple=""
              style="display: none;"
              tabindex="-1"
              type="file"
            />
            <i
              aria-hidden="true"
              class="fa-solid fa-arrows-rotate "
            />
          </button>
        </div>
      </div>
    </section>
  </div>
</div>
`;
