// Jest Snapshot v1, https://goo.gl/fbAQLP

exports[`AnnotationCreateEditModal should match with snatpshot 1`] = `
<body>
  <div>
    <div
      class="p-5"
    >
      <h2
        class="h4 max-w-sm truncate text-neutral-400 dark:text-neutral-50"
      >
        Create annotation group
      </h2>
      <p
        class="mt-2 text-sm text-neutral-350 dark:text-neutral-50"
      >
        You will have the possibility to modify the parameters once created.
      </p>
      <form
        class="mt-6"
      >
        <div
          class="mb-5"
          data-testid="input-text-wrapper"
        >
          <div
            class="relative"
          >
            <div
              aria-label="input-container"
              class="input     "
            >
              <div
                class=""
              >
                <label
                  class="translate-y-2 text-sm"
                  for="Group name"
                >
                  Group name
                </label>
                <input
                  class="input__value "
                  data-testid="input-text"
                  id="Group name"
                  name="name"
                  type="text"
                  value=""
                />
              </div>
            </div>
          </div>
        </div>
        <span
          class="mb-2 block text-sm text-neutral-400"
        >
          Add annotation key value
        </span>
        <div
          class="rounded border border-neutral-250 bg-neutral-100 px-4 py-3"
        >
          <ul>
            <li
              class="mb-3 grid grid-cols-[6fr_6fr_1fr] gap-x-2"
            >
              <span
                class="text-sm font-medium text-neutral-350"
              >
                Annotation keys
              </span>
              <span
                class="text-sm font-medium text-neutral-350"
              >
                Value
              </span>
              <span />
            </li>
            <li
              class="mb-3 last:mb-0"
            >
              <div
                class="grid grid-cols-[6fr_6fr_1fr] items-center gap-x-2"
              >
                <div
                  class=""
                  data-testid="input-small-wrapper"
                >
                  <div
                    class="input input--small flex-grow"
                    data-testid="input"
                  >
                    <label
                      class="hidden"
                    />
                    <input
                      class="absolute left-0 top-0 h-full w-full rounded px-2 text-sm text-neutral-400 placeholder:text-neutral-350"
                      data-testid="annotations.0.key"
                      name="annotations.0.key"
                      type="text"
                      value=""
                    />
                  </div>
                </div>
                <div
                  class=""
                  data-testid="input-small-wrapper"
                >
                  <div
                    class="input input--small flex-grow"
                    data-testid="input"
                  >
                    <label
                      class="hidden"
                    />
                    <input
                      class="absolute left-0 top-0 h-full w-full rounded px-2 text-sm text-neutral-400 placeholder:text-neutral-350"
                      data-testid="annotations.0.value"
                      name="annotations.0.value"
                      type="text"
                      value=""
                    />
                  </div>
                </div>
                <button
                  class="inline-flex items-center shrink-0 font-medium transition focus-visible:[&:not(:active)]:outline-2 outline-0 hover:[&:not(:focus-visible):not(:disabled)]:shadow-sm active:[&:not(:focus-visible)]:shadow-none outline-brand-500 text-sm h-9 px-3 rounded border border-transparent text-neutral-350 hover:[&:not(:active):not(:focus-visible)]:border-neutral-300 hover:[&:not(:disabled)]:text-neutral-400 dark:hover:[&:not(:disabled)]:text-neutral-250 focus-visible:text-neutral-400 active:bg-neutral-150 dark:active:bg-transparent active:text-neutral-400 disabled:text-neutral-300 disabled:bg-neutral-150 disabled:border-none"
                  type="button"
                >
                  <i
                    aria-hidden="true"
                    class="fa-solid fa-trash text-neutral-400"
                  />
                </button>
              </div>
            </li>
          </ul>
          <button
            class="inline-flex items-center shrink-0 font-medium transition focus-visible:[&:not(:active)]:outline-2 outline-0 shadow-sm disabled:shadow-none active:shadow-none outline-neutral-500 text-xs h-7 px-2 rounded bg-brand-500 active:bg-brand-600 hover:bg-brand-400 text-white disabled:text-brand-300 disabled:bg-brand-100 mt-3"
            type="button"
          >
            Add annotation
            <i
              aria-hidden="true"
              class="fa-solid fa-plus ml-2"
            />
          </button>
        </div>
        <span
          class="mb-2 mt-4 block text-sm text-neutral-400"
        >
          Select scope (Kubernetes objects)
        </span>
        <div
          class="h-[194px] overflow-y-auto rounded border border-neutral-250 bg-neutral-100 px-4 py-3"
        >
          <div
            class="mb-2 flex items-center last:mb-0"
          >
            <button
              aria-checked="false"
              class="group transition bg-neutral-100 dark:bg-neutral-500 border border-neutral-300 dark:border-neutral-350 rounded-sm hover:border-2 data-[state=checked]:border data-[state=indeterminate]:border-2 disabled:border disabled:border-neutral-250 hover:border-brand-500 dark:hover:border-brand-500 data-[state=checked]:bg-brand-500 dark:data-[state=checked]:bg-brand-500 data-[state=checked]:border-brand-500 dark:data-[state=checked]:border-brand-500 data-[state=indeterminate]:border-brand-500 disabled:data-[state=checked]:border-brand-300 disabled:data-[state=checked]:bg-brand-300 disabled:data-[state=indeterminate]:border-brand-300 mr-3 h-4 w-4"
              data-state="unchecked"
              id="CRON_JOBS"
              role="checkbox"
              type="button"
              value="on"
            />
            <input
              aria-hidden="true"
              name="scopes.CRON_JOBS"
              style="transform: translateX(-100%); position: absolute; pointer-events: none; opacity: 0; margin: 0px; width: 0px; height: 0px;"
              tabindex="-1"
              type="checkbox"
              value="on"
            />
            <label
              class="text-sm font-medium text-neutral-400"
              for="CRON_JOBS"
            >
              CRON_JOBS
            </label>
          </div>
          <div
            class="mb-2 flex items-center last:mb-0"
          >
            <button
              aria-checked="false"
              class="group transition bg-neutral-100 dark:bg-neutral-500 border border-neutral-300 dark:border-neutral-350 rounded-sm hover:border-2 data-[state=checked]:border data-[state=indeterminate]:border-2 disabled:border disabled:border-neutral-250 hover:border-brand-500 dark:hover:border-brand-500 data-[state=checked]:bg-brand-500 dark:data-[state=checked]:bg-brand-500 data-[state=checked]:border-brand-500 dark:data-[state=checked]:border-brand-500 data-[state=indeterminate]:border-brand-500 disabled:data-[state=checked]:border-brand-300 disabled:data-[state=checked]:bg-brand-300 disabled:data-[state=indeterminate]:border-brand-300 mr-3 h-4 w-4"
              data-state="unchecked"
              id="DEPLOYMENTS"
              role="checkbox"
              type="button"
              value="on"
            />
            <input
              aria-hidden="true"
              name="scopes.DEPLOYMENTS"
              style="transform: translateX(-100%); position: absolute; pointer-events: none; opacity: 0; margin: 0px; width: 0px; height: 0px;"
              tabindex="-1"
              type="checkbox"
              value="on"
            />
            <label
              class="text-sm font-medium text-neutral-400"
              for="DEPLOYMENTS"
            >
              DEPLOYMENTS
            </label>
          </div>
          <div
            class="mb-2 flex items-center last:mb-0"
          >
            <button
              aria-checked="false"
              class="group transition bg-neutral-100 dark:bg-neutral-500 border border-neutral-300 dark:border-neutral-350 rounded-sm hover:border-2 data-[state=checked]:border data-[state=indeterminate]:border-2 disabled:border disabled:border-neutral-250 hover:border-brand-500 dark:hover:border-brand-500 data-[state=checked]:bg-brand-500 dark:data-[state=checked]:bg-brand-500 data-[state=checked]:border-brand-500 dark:data-[state=checked]:border-brand-500 data-[state=indeterminate]:border-brand-500 disabled:data-[state=checked]:border-brand-300 disabled:data-[state=checked]:bg-brand-300 disabled:data-[state=indeterminate]:border-brand-300 mr-3 h-4 w-4"
              data-state="unchecked"
              id="HPA"
              role="checkbox"
              type="button"
              value="on"
            />
            <input
              aria-hidden="true"
              name="scopes.HPA"
              style="transform: translateX(-100%); position: absolute; pointer-events: none; opacity: 0; margin: 0px; width: 0px; height: 0px;"
              tabindex="-1"
              type="checkbox"
              value="on"
            />
            <label
              class="text-sm font-medium text-neutral-400"
              for="HPA"
            >
              HPA
            </label>
          </div>
          <div
            class="mb-2 flex items-center last:mb-0"
          >
            <button
              aria-checked="false"
              class="group transition bg-neutral-100 dark:bg-neutral-500 border border-neutral-300 dark:border-neutral-350 rounded-sm hover:border-2 data-[state=checked]:border data-[state=indeterminate]:border-2 disabled:border disabled:border-neutral-250 hover:border-brand-500 dark:hover:border-brand-500 data-[state=checked]:bg-brand-500 dark:data-[state=checked]:bg-brand-500 data-[state=checked]:border-brand-500 dark:data-[state=checked]:border-brand-500 data-[state=indeterminate]:border-brand-500 disabled:data-[state=checked]:border-brand-300 disabled:data-[state=checked]:bg-brand-300 disabled:data-[state=indeterminate]:border-brand-300 mr-3 h-4 w-4"
              data-state="unchecked"
              id="INGRESS"
              role="checkbox"
              type="button"
              value="on"
            />
            <input
              aria-hidden="true"
              name="scopes.INGRESS"
              style="transform: translateX(-100%); position: absolute; pointer-events: none; opacity: 0; margin: 0px; width: 0px; height: 0px;"
              tabindex="-1"
              type="checkbox"
              value="on"
            />
            <label
              class="text-sm font-medium text-neutral-400"
              for="INGRESS"
            >
              INGRESS
            </label>
          </div>
          <div
            class="mb-2 flex items-center last:mb-0"
          >
            <button
              aria-checked="false"
              class="group transition bg-neutral-100 dark:bg-neutral-500 border border-neutral-300 dark:border-neutral-350 rounded-sm hover:border-2 data-[state=checked]:border data-[state=indeterminate]:border-2 disabled:border disabled:border-neutral-250 hover:border-brand-500 dark:hover:border-brand-500 data-[state=checked]:bg-brand-500 dark:data-[state=checked]:bg-brand-500 data-[state=checked]:border-brand-500 dark:data-[state=checked]:border-brand-500 data-[state=indeterminate]:border-brand-500 disabled:data-[state=checked]:border-brand-300 disabled:data-[state=checked]:bg-brand-300 disabled:data-[state=indeterminate]:border-brand-300 mr-3 h-4 w-4"
              data-state="unchecked"
              id="JOBS"
              role="checkbox"
              type="button"
              value="on"
            />
            <input
              aria-hidden="true"
              name="scopes.JOBS"
              style="transform: translateX(-100%); position: absolute; pointer-events: none; opacity: 0; margin: 0px; width: 0px; height: 0px;"
              tabindex="-1"
              type="checkbox"
              value="on"
            />
            <label
              class="text-sm font-medium text-neutral-400"
              for="JOBS"
            >
              JOBS
            </label>
          </div>
          <div
            class="mb-2 flex items-center last:mb-0"
          >
            <button
              aria-checked="false"
              class="group transition bg-neutral-100 dark:bg-neutral-500 border border-neutral-300 dark:border-neutral-350 rounded-sm hover:border-2 data-[state=checked]:border data-[state=indeterminate]:border-2 disabled:border disabled:border-neutral-250 hover:border-brand-500 dark:hover:border-brand-500 data-[state=checked]:bg-brand-500 dark:data-[state=checked]:bg-brand-500 data-[state=checked]:border-brand-500 dark:data-[state=checked]:border-brand-500 data-[state=indeterminate]:border-brand-500 disabled:data-[state=checked]:border-brand-300 disabled:data-[state=checked]:bg-brand-300 disabled:data-[state=indeterminate]:border-brand-300 mr-3 h-4 w-4"
              data-state="unchecked"
              id="PODS"
              role="checkbox"
              type="button"
              value="on"
            />
            <input
              aria-hidden="true"
              name="scopes.PODS"
              style="transform: translateX(-100%); position: absolute; pointer-events: none; opacity: 0; margin: 0px; width: 0px; height: 0px;"
              tabindex="-1"
              type="checkbox"
              value="on"
            />
            <label
              class="text-sm font-medium text-neutral-400"
              for="PODS"
            >
              PODS
            </label>
          </div>
          <div
            class="mb-2 flex items-center last:mb-0"
          >
            <button
              aria-checked="false"
              class="group transition bg-neutral-100 dark:bg-neutral-500 border border-neutral-300 dark:border-neutral-350 rounded-sm hover:border-2 data-[state=checked]:border data-[state=indeterminate]:border-2 disabled:border disabled:border-neutral-250 hover:border-brand-500 dark:hover:border-brand-500 data-[state=checked]:bg-brand-500 dark:data-[state=checked]:bg-brand-500 data-[state=checked]:border-brand-500 dark:data-[state=checked]:border-brand-500 data-[state=indeterminate]:border-brand-500 disabled:data-[state=checked]:border-brand-300 disabled:data-[state=checked]:bg-brand-300 disabled:data-[state=indeterminate]:border-brand-300 mr-3 h-4 w-4"
              data-state="unchecked"
              id="SECRETS"
              role="checkbox"
              type="button"
              value="on"
            />
            <input
              aria-hidden="true"
              name="scopes.SECRETS"
              style="transform: translateX(-100%); position: absolute; pointer-events: none; opacity: 0; margin: 0px; width: 0px; height: 0px;"
              tabindex="-1"
              type="checkbox"
              value="on"
            />
            <label
              class="text-sm font-medium text-neutral-400"
              for="SECRETS"
            >
              SECRETS
            </label>
          </div>
          <div
            class="mb-2 flex items-center last:mb-0"
          >
            <button
              aria-checked="false"
              class="group transition bg-neutral-100 dark:bg-neutral-500 border border-neutral-300 dark:border-neutral-350 rounded-sm hover:border-2 data-[state=checked]:border data-[state=indeterminate]:border-2 disabled:border disabled:border-neutral-250 hover:border-brand-500 dark:hover:border-brand-500 data-[state=checked]:bg-brand-500 dark:data-[state=checked]:bg-brand-500 data-[state=checked]:border-brand-500 dark:data-[state=checked]:border-brand-500 data-[state=indeterminate]:border-brand-500 disabled:data-[state=checked]:border-brand-300 disabled:data-[state=checked]:bg-brand-300 disabled:data-[state=indeterminate]:border-brand-300 mr-3 h-4 w-4"
              data-state="unchecked"
              id="SERVICES"
              role="checkbox"
              type="button"
              value="on"
            />
            <input
              aria-hidden="true"
              name="scopes.SERVICES"
              style="transform: translateX(-100%); position: absolute; pointer-events: none; opacity: 0; margin: 0px; width: 0px; height: 0px;"
              tabindex="-1"
              type="checkbox"
              value="on"
            />
            <label
              class="text-sm font-medium text-neutral-400"
              for="SERVICES"
            >
              SERVICES
            </label>
          </div>
          <div
            class="mb-2 flex items-center last:mb-0"
          >
            <button
              aria-checked="false"
              class="group transition bg-neutral-100 dark:bg-neutral-500 border border-neutral-300 dark:border-neutral-350 rounded-sm hover:border-2 data-[state=checked]:border data-[state=indeterminate]:border-2 disabled:border disabled:border-neutral-250 hover:border-brand-500 dark:hover:border-brand-500 data-[state=checked]:bg-brand-500 dark:data-[state=checked]:bg-brand-500 data-[state=checked]:border-brand-500 dark:data-[state=checked]:border-brand-500 data-[state=indeterminate]:border-brand-500 disabled:data-[state=checked]:border-brand-300 disabled:data-[state=checked]:bg-brand-300 disabled:data-[state=indeterminate]:border-brand-300 mr-3 h-4 w-4"
              data-state="unchecked"
              id="STATEFUL_SETS"
              role="checkbox"
              type="button"
              value="on"
            />
            <input
              aria-hidden="true"
              name="scopes.STATEFUL_SETS"
              style="transform: translateX(-100%); position: absolute; pointer-events: none; opacity: 0; margin: 0px; width: 0px; height: 0px;"
              tabindex="-1"
              type="checkbox"
              value="on"
            />
            <label
              class="text-sm font-medium text-neutral-400"
              for="STATEFUL_SETS"
            >
              STATEFUL_SETS
            </label>
          </div>
        </div>
        <div
          class="mt-6 flex justify-end gap-3"
        >
          <button
            class="inline-flex items-center shrink-0 font-medium transition focus-visible:[&:not(:active)]:outline-2 outline-0 hover:[&:not(:focus-visible):not(:disabled)]:shadow-sm active:[&:not(:focus-visible)]:shadow-none outline-brand-500 text-sm h-11 px-5 rounded border border-transparent text-neutral-350 hover:[&:not(:active):not(:focus-visible)]:border-neutral-300 hover:[&:not(:disabled)]:text-neutral-400 dark:hover:[&:not(:disabled)]:text-neutral-250 focus-visible:text-neutral-400 active:bg-neutral-150 dark:active:bg-transparent active:text-neutral-400 disabled:text-neutral-300 disabled:bg-neutral-150 disabled:border-none"
            data-testid="cancel-button"
            type="button"
          >
            Cancel
          </button>
          <button
            class="inline-flex items-center shrink-0 font-medium transition focus-visible:[&:not(:active)]:outline-2 outline-0 shadow-sm disabled:shadow-none active:shadow-none outline-neutral-500 text-sm h-11 px-5 rounded bg-brand-500 active:bg-brand-600 hover:bg-brand-400 text-white disabled:text-brand-300 disabled:bg-brand-100"
            data-testid="submit-button"
            disabled=""
            type="submit"
          >
            Create
          </button>
        </div>
      </form>
    </div>
  </div>
</body>
`;
