// Jest Snapshot v1, https://goo.gl/fbAQLP

exports[`HelmDefaultValuesPreview should match snapshot 1`] = `
<body>
  <div>
    <section
      style="display: flex; position: relative; text-align: initial; width: 100%; height: 100vh;"
    >
      <div
        style="display: flex; height: 100%; width: 100%; justify-content: center; align-items: center;"
      >
        <div
          class="aspect-square border-2  rounded-full border-solid border-r-neutral-500 animate-spin w-4 "
          data-testid="spinner"
        />
      </div>
      <div
        style="width: 100%; display: none;"
      />
    </section>
  </div>
  <script
    src="https://cdn.jsdelivr.net/npm/monaco-editor@0.43.0/min/vs/loader.js"
  />
</body>
`;
