// Jest Snapshot v1, https://goo.gl/fbAQLP

exports[`StepKubeconfig should match snapshot 1`] = `
<div>
  <section
    class="flex flex-col"
  >
    <div
      class="mb-10"
    >
      <h1
        class="text-neutral-400 text-xl font-bold mb-2"
      >
        Kubeconfig
      </h1>
      <p
        class="text-neutral-350"
      >
        Upload your Kubeconfig file here.
      </p>
    </div>
    <form>
      <div
        class="mb-10"
      >
        <div
          class="dropzone"
          role="presentation"
          tabindex="0"
        >
          <input
            data-testid="drop-input"
            multiple=""
            style="display: none;"
            tabindex="-1"
            type="file"
          />
          <div
            class="flex min-h-[140px] w-full cursor-pointer items-center justify-center rounded border border-neutral-250 bg-neutral-100 text-xs text-neutral-350 transition-all duration-150 ease-in-out hover:border-neutral-300 border-dashed"
          >
            <div
              class="flex h-full flex-col items-center justify-center text-center"
            >
              <i
                aria-hidden="true"
                class="fa-solid fa-file-arrow-down mb-2 text-xl"
              />
              <p>
                Click to import your 
                kubeconfig
                 file or
                <br />
                drag and drop it
              </p>
            </div>
          </div>
        </div>
      </div>
      <div
        class="flex justify-between"
      >
        <button
          class="inline-flex items-center shrink-0 font-medium transition focus-visible:[&:not(:active)]:outline-2 outline-0 shadow-sm disabled:shadow-none active:shadow-none outline-brand-500 text-sm h-11 px-5 rounded border border-neutral-250 dark:border-neutral-400 text-neutral-400 dark:text-white hover:[&:not(:active)]:border-neutral-300 dark:hover:[&:not(:active):not(:disabled)]:border-neutral-350 active:bg-neutral-150 disabled:text-neutral-300 disabled:bg-neutral-100 disabled:border-none bg-neutral-100 dark:bg-neutral-500 hover:[&:not(:active):not(:disabled)]:bg-white dark:hover:[&:not(:active):not(:disabled)]:bg-neutral-400"
          type="button"
        >
          Back
        </button>
        <button
          class="inline-flex items-center shrink-0 font-medium transition focus-visible:[&:not(:active)]:outline-2 outline-0 shadow-sm disabled:shadow-none active:shadow-none outline-neutral-500 text-sm h-11 px-5 rounded bg-brand-500 active:bg-brand-600 hover:bg-brand-400 text-white disabled:text-brand-300 disabled:bg-brand-100"
          data-testid="button-submit"
          disabled=""
          type="submit"
        >
          Continue
        </button>
      </div>
    </form>
  </section>
</div>
`;

exports[`StepKubeconfig should match snapshot with data 1`] = `
<div>
  <section
    class="flex flex-col"
  >
    <div
      class="mb-10"
    >
      <h1
        class="text-neutral-400 text-xl font-bold mb-2"
      >
        Kubeconfig
      </h1>
      <p
        class="text-neutral-350"
      >
        Upload your Kubeconfig file here.
      </p>
    </div>
    <form>
      <div
        class="mb-10"
      >
        <div
          class="flex items-center gap-2 rounded border border-neutral-200 p-3"
        >
          <div
            class="p-2"
          >
            <i
              aria-hidden="true"
              class="fa-solid fa-file-lines "
            />
          </div>
          <div
            class="flex grow flex-col text-xs"
          >
            <span
              class="font-medium text-neutral-400"
            >
              file.yaml
            </span>
            <span
              class="text-neutral-350"
            >
              1234
               Ko
            </span>
          </div>
          <div>
            <button
              class="inline-flex items-center shrink-0 font-medium transition focus-visible:[&:not(:active)]:outline-2 outline-0 shadow-sm disabled:shadow-none active:shadow-none bg-white dark:bg-neutral-600 outline-brand-500 text-xs h-7 px-2 rounded border border-neutral-250 dark:border-neutral-400 text-neutral-400 dark:text-white hover:[&:not(:active)]:border-neutral-300 dark:hover:[&:not(:active):not(:disabled)]:border-neutral-350 active:bg-neutral-150 disabled:text-neutral-300 disabled:bg-neutral-100 disabled:border-none"
              type="button"
            >
              <i
                aria-hidden="true"
                class="fa-solid fa-trash "
              />
            </button>
          </div>
        </div>
      </div>
      <div
        class="flex justify-between"
      >
        <button
          class="inline-flex items-center shrink-0 font-medium transition focus-visible:[&:not(:active)]:outline-2 outline-0 shadow-sm disabled:shadow-none active:shadow-none outline-brand-500 text-sm h-11 px-5 rounded border border-neutral-250 dark:border-neutral-400 text-neutral-400 dark:text-white hover:[&:not(:active)]:border-neutral-300 dark:hover:[&:not(:active):not(:disabled)]:border-neutral-350 active:bg-neutral-150 disabled:text-neutral-300 disabled:bg-neutral-100 disabled:border-none bg-neutral-100 dark:bg-neutral-500 hover:[&:not(:active):not(:disabled)]:bg-white dark:hover:[&:not(:active):not(:disabled)]:bg-neutral-400"
          type="button"
        >
          Back
        </button>
        <button
          class="inline-flex items-center shrink-0 font-medium transition focus-visible:[&:not(:active)]:outline-2 outline-0 shadow-sm disabled:shadow-none active:shadow-none outline-neutral-500 text-sm h-11 px-5 rounded bg-brand-500 active:bg-brand-600 hover:bg-brand-400 text-white disabled:text-brand-300 disabled:bg-brand-100"
          data-testid="button-submit"
          disabled=""
          type="submit"
        >
          Continue
        </button>
      </div>
    </form>
  </section>
</div>
`;
