// Jest Snapshot v1, https://goo.gl/fbAQLP

exports[`UpdateAllModal should reduce opacity of commit blocks 1`] = `
<body>
  <div>
    <div
      class="p-6"
    >
      <h2
        class="h4 mb-1 max-w-sm truncate text-neutral-400 dark:text-neutral-50"
      >
        Deploy latest version for..
      </h2>
      <p
        class="mb-4 text-sm text-neutral-350 dark:text-neutral-50"
      >
        Select the services you want to update to the latest version
      </p>
      <div
        class="mb-4 flex items-center justify-between text-sm text-neutral-400 dark:text-neutral-50"
      >
        <p>
          For
           
          <strong
            class="font-medium"
          >
            Barry Lyons
          </strong>
        </p>
        <button
          class="inline-flex items-center shrink-0 font-medium transition focus-visible:[&:not(:active)]:outline-2 outline-0 shadow-sm disabled:shadow-none active:shadow-none outline-brand-500 text-xs h-7 px-2 rounded border border-neutral-250 dark:border-neutral-400 text-neutral-400 dark:text-white hover:[&:not(:active)]:border-neutral-300 dark:hover:[&:not(:active):not(:disabled)]:border-neutral-350 active:bg-neutral-150 disabled:text-neutral-300 disabled:bg-neutral-100 disabled:border-none bg-neutral-100 dark:bg-neutral-500 hover:[&:not(:active):not(:disabled)]:bg-white dark:hover:[&:not(:active):not(:disabled)]:bg-neutral-400"
          data-testid="deselect-all"
        >
          Deselect All
        </button>
      </div>
      <div
        class="relative overflow-y-auto pr-[1px] max-h-[440px]"
        data-testid="scroll-shadow-wrapper"
      >
        <div
          class="pointer-events-none sticky top-0 -mb-4 h-4 w-full bg-scroll-shadow-up transition-opacity duration-300 opacity-0"
          data-testid="scroll-shadow-top"
        />
        <ul>
          <li
            class="rounded-t  flex justify-between border border-b-0 p-4 dark:border-neutral-400 border border-brand-500 bg-brand-50 dark:bg-neutral-500 false"
            data-testid="outdated-service-row"
          >
            <div
              class="flex font-medium text-neutral-400 dark:text-neutral-50"
            >
              <div
                class="relative flex items-center gap-2 mr-4"
              >
                <input
                  class="input-checkbox relative h-0 w-0 appearance-none font-icons before:absolute before:left-0 before:top-0 before:flex before:-translate-y-1/2 before:items-center before:justify-center before:rounded-sm before:bg-white before:text-white dark:before:bg-neutral-500 mr-5 before:w-4 before:h-4 cursor-pointer before:border-neutral-350 before:border-2 before:text-xs before:font-black before:leading-none before:transition-all before:content-[''] checked:before:border-brand-500 checked:before:bg-brand-500"
                  data-testid="input-checkbox"
                  id="0"
                  name="0"
                  type="checkbox"
                  value="0"
                />
                <i
                  aria-hidden="true"
                  class="fa-solid fa-check absolute text-2xs text-white left-1"
                />
              </div>
              Amy Maxwell
            </div>
            <div
              class="ml-auto flex items-center"
            >
              <div
                class="flex items-center opacity-50"
                data-testid="current-commit-block"
              >
                <div
                  class="relative block rounded-full border border-neutral-200  mr-2"
                  data-state="closed"
                  data-testid="avatar"
                  style="width: 28px; height: 28px;"
                >
                  <div
                    class="flex h-full w-full items-center justify-center rounded-full bg-neutral-200 text-center"
                  >
                    <span
                      class="relative text-xs font-medium text-neutral-400"
                    >
                      U
                    </span>
                  </div>
                </div>
                <div
                  class="block w-fit cursor-pointer"
                  data-state="closed"
                  data-testid="tag-commit"
                >
                  <span
                    class="inline-flex items-center rounded text-xs font-bold h-7 px-2   flex items-center justify-center border font-medium bg-white dark:bg-transparent w-[90px] border-neutral-250 text-neutral-350 hover:bg-neutral-200 dark:text-neutral-50 dark:hover:bg-neutral-400"
                    data-testid="tag"
                  >
                    <div
                      class="mr-1 w-4"
                    >
                      <i
                        aria-hidden="true"
                        class="fa-regular fa-code-commit mr-1"
                      />
                    </div>
                    commit0
                  </span>
                </div>
              </div>
              <i
                aria-hidden="true"
                class="fa-solid fa-arrow-left mx-2 -scale-100 text-neutral-400"
              />
              <div
                class="flex items-center "
                data-testid="last-commit-block"
              >
                <div
                  class="relative block rounded-full border border-neutral-200  mr-2"
                  data-state="closed"
                  data-testid="avatar"
                  style="width: 28px; height: 28px;"
                >
                  <div
                    class="flex h-full w-full items-center justify-center rounded-full bg-neutral-200 text-center"
                  >
                    <span
                      class="relative text-xs font-medium text-neutral-400"
                    />
                  </div>
                </div>
                <div
                  class="block w-fit cursor-pointer"
                  data-state="closed"
                  data-testid="tag-commit"
                >
                  <span
                    class="inline-flex items-center rounded text-xs font-bold h-7 px-2   flex items-center justify-center border font-medium bg-white dark:bg-transparent w-[90px] border-neutral-250 text-neutral-350 hover:bg-neutral-200 dark:text-neutral-50 dark:hover:bg-neutral-400"
                    data-testid="tag"
                  >
                    <div
                      class="mr-1 w-4"
                    >
                      <i
                        aria-hidden="true"
                        class="fa-regular fa-code-commit mr-1"
                      />
                    </div>
                    commit1
                  </span>
                </div>
              </div>
            </div>
          </li>
          <li
            class="  flex justify-between border border-b-0 p-4 dark:border-neutral-400 border-neutral-250 border-t-brand-500"
            data-testid="outdated-service-row"
          >
            <div
              class="flex font-medium text-neutral-400 dark:text-neutral-50"
            >
              <div
                class="relative flex items-center gap-2 mr-4"
              >
                <input
                  class="input-checkbox relative h-0 w-0 appearance-none font-icons before:absolute before:left-0 before:top-0 before:flex before:-translate-y-1/2 before:items-center before:justify-center before:rounded-sm before:bg-white before:text-white dark:before:bg-neutral-500 mr-5 before:w-4 before:h-4 cursor-pointer before:border-neutral-350 before:border-2 before:text-xs before:font-black before:leading-none before:transition-all before:content-[''] checked:before:border-brand-500 checked:before:bg-brand-500"
                  data-testid="input-checkbox"
                  id="1"
                  name="1"
                  type="checkbox"
                  value="1"
                />
              </div>
              Jeff Rhodes
            </div>
            <div
              class="ml-auto flex items-center"
            >
              <div
                class="flex items-center "
                data-testid="current-commit-block"
              >
                <div
                  class="relative block rounded-full border border-neutral-200  mr-2"
                  data-state="closed"
                  data-testid="avatar"
                  style="width: 28px; height: 28px;"
                >
                  <div
                    class="flex h-full w-full items-center justify-center rounded-full bg-neutral-200 text-center"
                  >
                    <span
                      class="relative text-xs font-medium text-neutral-400"
                    >
                      U
                    </span>
                  </div>
                </div>
                <div
                  class="block w-fit cursor-pointer"
                  data-state="closed"
                  data-testid="tag-commit"
                >
                  <span
                    class="inline-flex items-center rounded text-xs font-bold h-7 px-2   flex items-center justify-center border font-medium bg-white dark:bg-transparent w-[90px] border-neutral-250 text-neutral-350 hover:bg-neutral-200 dark:text-neutral-50 dark:hover:bg-neutral-400"
                    data-testid="tag"
                  >
                    <div
                      class="mr-1 w-4"
                    >
                      <i
                        aria-hidden="true"
                        class="fa-regular fa-code-commit mr-1"
                      />
                    </div>
                    commit0
                  </span>
                </div>
              </div>
              <i
                aria-hidden="true"
                class="fa-solid fa-arrow-left mx-2 -scale-100 text-neutral-400"
              />
              <div
                class="flex items-center opacity-50"
                data-testid="last-commit-block"
              >
                <div
                  class="relative block rounded-full border border-neutral-200  mr-2"
                  data-state="closed"
                  data-testid="avatar"
                  style="width: 28px; height: 28px;"
                >
                  <div
                    class="flex h-full w-full items-center justify-center rounded-full bg-neutral-200 text-center"
                  >
                    <span
                      class="relative text-xs font-medium text-neutral-400"
                    />
                  </div>
                </div>
                <div
                  class="block w-fit cursor-pointer"
                  data-state="closed"
                  data-testid="tag-commit"
                >
                  <span
                    class="inline-flex items-center rounded text-xs font-bold h-7 px-2   flex items-center justify-center border font-medium bg-white dark:bg-transparent w-[90px] border-neutral-250 text-neutral-350 hover:bg-neutral-200 dark:text-neutral-50 dark:hover:bg-neutral-400"
                    data-testid="tag"
                  >
                    <div
                      class="mr-1 w-4"
                    >
                      <i
                        aria-hidden="true"
                        class="fa-regular fa-code-commit mr-1"
                      />
                    </div>
                    commit1
                  </span>
                </div>
              </div>
            </div>
          </li>
          <li
            class=" rounded-b !border-b flex justify-between border border-b-0 p-4 dark:border-neutral-400 border-neutral-250 false"
            data-testid="outdated-service-row"
          >
            <div
              class="flex font-medium text-neutral-400 dark:text-neutral-50"
            >
              <div
                class="relative flex items-center gap-2 mr-4"
              >
                <input
                  class="input-checkbox relative h-0 w-0 appearance-none font-icons before:absolute before:left-0 before:top-0 before:flex before:-translate-y-1/2 before:items-center before:justify-center before:rounded-sm before:bg-white before:text-white dark:before:bg-neutral-500 mr-5 before:w-4 before:h-4 cursor-pointer before:border-neutral-350 before:border-2 before:text-xs before:font-black before:leading-none before:transition-all before:content-[''] checked:before:border-brand-500 checked:before:bg-brand-500"
                  data-testid="input-checkbox"
                  id="2"
                  name="2"
                  type="checkbox"
                  value="2"
                />
              </div>
              Joseph Morgan
            </div>
            <div
              class="ml-auto flex items-center"
            >
              <div
                class="flex items-center "
                data-testid="current-commit-block"
              >
                <div
                  class="relative block rounded-full border border-neutral-200  mr-2"
                  data-state="closed"
                  data-testid="avatar"
                  style="width: 28px; height: 28px;"
                >
                  <div
                    class="flex h-full w-full items-center justify-center rounded-full bg-neutral-200 text-center"
                  >
                    <span
                      class="relative text-xs font-medium text-neutral-400"
                    >
                      U
                    </span>
                  </div>
                </div>
                <div
                  class="block w-fit cursor-pointer"
                  data-state="closed"
                  data-testid="tag-commit"
                >
                  <span
                    class="inline-flex items-center rounded text-xs font-bold h-7 px-2   flex items-center justify-center border font-medium bg-white dark:bg-transparent w-[90px] border-neutral-250 text-neutral-350 hover:bg-neutral-200 dark:text-neutral-50 dark:hover:bg-neutral-400"
                    data-testid="tag"
                  >
                    <div
                      class="mr-1 w-4"
                    >
                      <i
                        aria-hidden="true"
                        class="fa-regular fa-code-commit mr-1"
                      />
                    </div>
                    commit0
                  </span>
                </div>
              </div>
              <i
                aria-hidden="true"
                class="fa-solid fa-arrow-left mx-2 -scale-100 text-neutral-400"
              />
              <div
                class="flex items-center opacity-50"
                data-testid="last-commit-block"
              >
                <div
                  class="relative block rounded-full border border-neutral-200  mr-2"
                  data-state="closed"
                  data-testid="avatar"
                  style="width: 28px; height: 28px;"
                >
                  <div
                    class="flex h-full w-full items-center justify-center rounded-full bg-neutral-200 text-center"
                  >
                    <span
                      class="relative text-xs font-medium text-neutral-400"
                    />
                  </div>
                </div>
                <div
                  class="block w-fit cursor-pointer"
                  data-state="closed"
                  data-testid="tag-commit"
                >
                  <span
                    class="inline-flex items-center rounded text-xs font-bold h-7 px-2   flex items-center justify-center border font-medium bg-white dark:bg-transparent w-[90px] border-neutral-250 text-neutral-350 hover:bg-neutral-200 dark:text-neutral-50 dark:hover:bg-neutral-400"
                    data-testid="tag"
                  >
                    <div
                      class="mr-1 w-4"
                    >
                      <i
                        aria-hidden="true"
                        class="fa-regular fa-code-commit mr-1"
                      />
                    </div>
                    commit1
                  </span>
                </div>
              </div>
            </div>
          </li>
        </ul>
        <div
          class="pointer-events-none sticky bottom-0 -mt-4 h-4 w-full rotate-180 bg-scroll-shadow-bottom transition-opacity duration-300 opacity-0"
          data-testid="scroll-shadow-bottom"
        />
      </div>
      <div
        class="sticky bottom-0 -mb-6 flex justify-end gap-3 bg-white py-6 dark:bg-neutral-550"
      >
        <button
          class="inline-flex items-center shrink-0 font-medium transition focus-visible:[&:not(:active)]:outline-2 outline-0 hover:[&:not(:focus-visible):not(:disabled)]:shadow-sm active:[&:not(:focus-visible)]:shadow-none outline-brand-500 text-sm h-11 px-5 rounded border border-transparent text-neutral-350 hover:[&:not(:active):not(:focus-visible)]:border-neutral-300 hover:[&:not(:disabled)]:text-neutral-400 dark:hover:[&:not(:disabled)]:text-neutral-250 focus-visible:text-neutral-400 active:bg-neutral-150 dark:active:bg-transparent active:text-neutral-400 disabled:text-neutral-300 disabled:bg-neutral-150 disabled:border-none"
          data-testid="cancel-button"
        >
          Cancel
        </button>
        <button
          class="inline-flex items-center shrink-0 font-medium transition focus-visible:[&:not(:active)]:outline-2 outline-0 shadow-sm disabled:shadow-none active:shadow-none outline-neutral-500 text-sm h-11 px-5 rounded bg-brand-500 active:bg-brand-600 hover:bg-brand-400 text-white disabled:text-brand-300 disabled:bg-brand-100"
          data-testid="submit-button"
          type="submit"
        >
          Update 
          1
           service
        </button>
      </div>
    </div>
  </div>
</body>
`;
