// Jest Snapshot v1, https://goo.gl/fbAQLP

exports[`PageOrganizationLabelsAnnotationsFeature should match snapshot 1`] = `
<body>
  <div>
    <div
      class="flex w-full flex-col justify-between"
    >
      <section
        class="flex flex-col max-w-content-with-navigation-left p-8"
      >
        <div
          class="mb-8 flex justify-between gap-3"
        >
          <div
            class="space-y-3"
          >
            <h1
              class="text-neutral-400 text-xl font-bold"
            >
              Labels & Annotations
            </h1>
            <p
              class="text-xs text-neutral-400"
            >
              Define and manage the labels & annotations to be used within your organization.
            </p>
            <button
              class="inline-flex shrink-0 font-medium transition focus-visible:[&:not(:active)]:outline-2 outline-0 shadow-sm disabled:shadow-none active:shadow-none outline-neutral-500 text-xs h-6 px-2 rounded bg-brand-50 border border-brand-500 text-brand-500 hover:[&:not(:active):not(:disabled)]:bg-white w-fit items-center gap-1"
            >
              <i
                aria-hidden="true"
                class="fa-regular fa-circle-question p-0.5 text-xs"
              />
              <span>
                Need help here?
              </span>
            </button>
          </div>
          <button
            aria-expanded="false"
            aria-haspopup="menu"
            class="inline-flex items-center font-medium transition focus-visible:[&:not(:active)]:outline-2 outline-0 shadow-sm disabled:shadow-none active:shadow-none outline-neutral-500 text-sm h-9 px-3 rounded bg-brand-500 active:bg-brand-600 hover:bg-brand-400 text-white disabled:text-brand-300 disabled:bg-brand-100 shrink-0 gap-2"
            data-state="closed"
            id="radix-:r6:"
            type="button"
          >
            Add new
            <i
              aria-hidden="true"
              class="fa-regular fa-circle-plus "
            />
          </button>
        </div>
        <div
          class="mb-5 rounded border border-neutral-250 bg-neutral-100 w-full"
          data-testid="block-content"
        >
          <div
            class="flex h-9 items-center justify-between border-b border-neutral-250 px-4"
          >
            <h2
              class="text-ssm font-medium text-neutral-400"
            >
              Labels groups
            </h2>
          </div>
          <div
            class="p-0"
          >
            <ul>
              <li
                class="flex items-center justify-between border-b border-neutral-250 px-5 py-4 last:border-0"
              >
                <div
                  class="flex flex-col"
                >
                  <h2
                    class="mb-1 flex text-xs font-medium text-neutral-400"
                  >
                    test
                  </h2>
                  <div
                    class="flex text-xs text-neutral-350"
                  >
                    <p>
                      Created:
                       
                      <span
                        class="text-neutral-400"
                      >
                        Apr 8, 2024
                      </span>
                    </p>
                    <p
                      class="ml-3"
                    >
                      Updated: 
                      <span
                        class="text-neutral-400"
                      >
                        1 month
                      </span>
                    </p>
                  </div>
                </div>
                <div
                  class="flex gap-2"
                >
                  <button
                    class="inline-flex items-center shrink-0 font-medium transition focus-visible:[&:not(:active)]:outline-2 outline-0 shadow-sm disabled:shadow-none active:shadow-none outline-brand-500 text-sm h-9 px-3 rounded border border-neutral-250 dark:border-neutral-400 text-neutral-400 dark:text-white hover:[&:not(:active)]:border-neutral-300 dark:hover:[&:not(:active):not(:disabled)]:border-neutral-350 active:bg-neutral-150 disabled:text-neutral-300 disabled:bg-neutral-100 disabled:border-none bg-neutral-100 dark:bg-neutral-500 hover:[&:not(:active):not(:disabled)]:bg-white dark:hover:[&:not(:active):not(:disabled)]:bg-neutral-400 relative mr-2"
                  >
                    <span
                      class="absolute -right-1 -top-1 flex h-3 w-3 items-center justify-center rounded-full bg-brand-500 text-3xs font-bold leading-[0] text-white"
                    />
                    <i
                      aria-hidden="true"
                      class="fa-regular fa-layer-group "
                    />
                  </button>
                  <button
                    class="inline-flex items-center shrink-0 font-medium transition focus-visible:[&:not(:active)]:outline-2 outline-0 shadow-sm disabled:shadow-none active:shadow-none outline-brand-500 text-sm h-9 px-3 rounded border border-neutral-250 dark:border-neutral-400 text-neutral-400 dark:text-white hover:[&:not(:active)]:border-neutral-300 dark:hover:[&:not(:active):not(:disabled)]:border-neutral-350 active:bg-neutral-150 disabled:text-neutral-300 disabled:bg-neutral-100 disabled:border-none bg-neutral-100 dark:bg-neutral-500 hover:[&:not(:active):not(:disabled)]:bg-white dark:hover:[&:not(:active):not(:disabled)]:bg-neutral-400"
                  >
                    <i
                      aria-hidden="true"
                      class="fa-regular fa-gear "
                    />
                  </button>
                  <button
                    class="inline-flex items-center shrink-0 font-medium transition focus-visible:[&:not(:active)]:outline-2 outline-0 shadow-sm disabled:shadow-none active:shadow-none outline-brand-500 text-sm h-9 px-3 rounded border border-neutral-250 dark:border-neutral-400 text-neutral-400 dark:text-white hover:[&:not(:active)]:border-neutral-300 dark:hover:[&:not(:active):not(:disabled)]:border-neutral-350 active:bg-neutral-150 disabled:text-neutral-300 disabled:bg-neutral-100 disabled:border-none bg-neutral-100 dark:bg-neutral-500 hover:[&:not(:active):not(:disabled)]:bg-white dark:hover:[&:not(:active):not(:disabled)]:bg-neutral-400"
                    data-state="closed"
                    disabled=""
                  >
                    <i
                      aria-hidden="true"
                      class="fa-regular fa-trash-can "
                    />
                  </button>
                </div>
              </li>
            </ul>
          </div>
        </div>
        <div
          class="mb-5 rounded border border-neutral-250 bg-neutral-100 w-full"
          data-testid="block-content"
        >
          <div
            class="flex h-9 items-center justify-between border-b border-neutral-250 px-4"
          >
            <h2
              class="text-ssm font-medium text-neutral-400"
            >
              Annotations groups
            </h2>
          </div>
          <div
            class="p-0"
          >
            <ul>
              <li
                class="flex items-center justify-between border-b border-neutral-250 px-5 py-4 last:border-0"
              >
                <div
                  class="flex flex-col"
                >
                  <h2
                    class="mb-1 flex text-xs font-medium text-neutral-400"
                  >
                    test
                  </h2>
                  <div
                    class="flex text-xs text-neutral-350"
                  >
                    <p>
                      Created:
                       
                      <span
                        class="text-neutral-400"
                      >
                        Apr 8, 2024
                      </span>
                    </p>
                    <p
                      class="ml-3"
                    >
                      Updated:
                       
                      <span
                        class="text-neutral-400"
                      >
                        1 month
                      </span>
                    </p>
                  </div>
                </div>
                <div
                  class="flex gap-2"
                >
                  <button
                    class="inline-flex items-center shrink-0 font-medium transition focus-visible:[&:not(:active)]:outline-2 outline-0 shadow-sm disabled:shadow-none active:shadow-none outline-brand-500 text-sm h-9 px-3 rounded border border-neutral-250 dark:border-neutral-400 text-neutral-400 dark:text-white hover:[&:not(:active)]:border-neutral-300 dark:hover:[&:not(:active):not(:disabled)]:border-neutral-350 active:bg-neutral-150 disabled:text-neutral-300 disabled:bg-neutral-100 disabled:border-none bg-neutral-100 dark:bg-neutral-500 hover:[&:not(:active):not(:disabled)]:bg-white dark:hover:[&:not(:active):not(:disabled)]:bg-neutral-400 relative mr-2"
                  >
                    <span
                      class="absolute -right-1 -top-1 flex h-3 w-3 items-center justify-center rounded-full bg-brand-500 text-3xs font-bold leading-[0] text-white"
                    />
                    <i
                      aria-hidden="true"
                      class="fa-regular fa-layer-group "
                    />
                  </button>
                  <button
                    class="inline-flex items-center shrink-0 font-medium transition focus-visible:[&:not(:active)]:outline-2 outline-0 shadow-sm disabled:shadow-none active:shadow-none outline-brand-500 text-sm h-9 px-3 rounded border border-neutral-250 dark:border-neutral-400 text-neutral-400 dark:text-white hover:[&:not(:active)]:border-neutral-300 dark:hover:[&:not(:active):not(:disabled)]:border-neutral-350 active:bg-neutral-150 disabled:text-neutral-300 disabled:bg-neutral-100 disabled:border-none bg-neutral-100 dark:bg-neutral-500 hover:[&:not(:active):not(:disabled)]:bg-white dark:hover:[&:not(:active):not(:disabled)]:bg-neutral-400"
                  >
                    <i
                      aria-hidden="true"
                      class="fa-regular fa-gear "
                    />
                  </button>
                  <button
                    class="inline-flex items-center shrink-0 font-medium transition focus-visible:[&:not(:active)]:outline-2 outline-0 shadow-sm disabled:shadow-none active:shadow-none outline-brand-500 text-sm h-9 px-3 rounded border border-neutral-250 dark:border-neutral-400 text-neutral-400 dark:text-white hover:[&:not(:active)]:border-neutral-300 dark:hover:[&:not(:active):not(:disabled)]:border-neutral-350 active:bg-neutral-150 disabled:text-neutral-300 disabled:bg-neutral-100 disabled:border-none bg-neutral-100 dark:bg-neutral-500 hover:[&:not(:active):not(:disabled)]:bg-white dark:hover:[&:not(:active):not(:disabled)]:bg-neutral-400"
                    data-state="closed"
                    disabled=""
                  >
                    <i
                      aria-hidden="true"
                      class="fa-regular fa-trash-can "
                    />
                  </button>
                </div>
              </li>
            </ul>
          </div>
        </div>
      </section>
    </div>
  </div>
</body>
`;
