// Jest Snapshot v1, https://goo.gl/fbAQLP

exports[`Section should match snapshot 1`] = `
<body>
  <div>
    <section
      class="flex flex-col"
    >
      Foobar
    </section>
  </div>
</body>
`;
