// Jest Snapshot v1, https://goo.gl/fbAQLP

exports[`InputFilter should match input filter with loading 1`] = `
<div>
  <div>
    <button
      class="inline-flex items-center shrink-0 font-medium transition focus-visible:[&:not(:active)]:outline-2 outline-0 shadow-sm disabled:shadow-none active:shadow-none outline-brand-500 text-xs h-7 px-2 rounded border border-neutral-250 dark:border-neutral-400 text-neutral-400 dark:text-white hover:[&:not(:active)]:border-neutral-300 dark:hover:[&:not(:active):not(:disabled)]:border-neutral-350 active:bg-neutral-150 disabled:text-neutral-300 disabled:bg-neutral-100 disabled:border-none bg-neutral-100 dark:bg-neutral-500 hover:[&:not(:active):not(:disabled)]:bg-white dark:hover:[&:not(:active):not(:disabled)]:bg-neutral-400"
      type="button"
    >
      <div
        class="flex w-12 justify-center"
      >
        <div
          class="aspect-square border-2  rounded-full border-solid border-neutral-350 border-r-neutral-50 animate-spin w-4 "
          data-testid="spinner"
        />
      </div>
    </button>
  </div>
</div>
`;

exports[`InputFilter should match input filter with value 1`] = `
<div>
  <div>
    <button
      class="inline-flex items-center shrink-0 font-medium transition focus-visible:[&:not(:active)]:outline-2 outline-0 shadow-sm disabled:shadow-none active:shadow-none outline-brand-500 text-xs h-7 px-2 rounded border border-neutral-250 dark:border-neutral-400 text-neutral-400 dark:text-white hover:[&:not(:active)]:border-neutral-300 dark:hover:[&:not(:active):not(:disabled)]:border-neutral-350 active:bg-neutral-150 disabled:text-neutral-300 disabled:bg-neutral-100 disabled:border-none bg-neutral-100 dark:bg-neutral-500 hover:[&:not(:active):not(:disabled)]:bg-white dark:hover:[&:not(:active):not(:disabled)]:bg-neutral-400"
      type="button"
    >
      Option 1
      <span
        class="relative left-1 px-1 py-1"
        data-testid="clear-btn"
        role="button"
      >
        <i
          aria-hidden="true"
          class="fa-solid fa-xmark "
        />
      </span>
    </button>
  </div>
</div>
`;

exports[`InputFilter should match input filter without value 1`] = `
<div>
  <div>
    <button
      class="inline-flex items-center shrink-0 font-medium transition focus-visible:[&:not(:active)]:outline-2 outline-0 shadow-sm disabled:shadow-none active:shadow-none outline-brand-500 text-xs h-7 px-2 rounded border border-neutral-250 dark:border-neutral-400 text-neutral-400 dark:text-white hover:[&:not(:active)]:border-neutral-300 dark:hover:[&:not(:active):not(:disabled)]:border-neutral-350 active:bg-neutral-150 disabled:text-neutral-300 disabled:bg-neutral-100 disabled:border-none bg-neutral-100 dark:bg-neutral-500 hover:[&:not(:active):not(:disabled)]:bg-white dark:hover:[&:not(:active):not(:disabled)]:bg-neutral-400 gap-2"
      type="button"
    >
      Filter
      <i
        aria-hidden="true"
        class="fa-solid fa-magnifying-glass "
      />
    </button>
  </div>
</div>
`;
