// Jest Snapshot v1, https://goo.gl/fbAQLP

exports[`GitRepositorySetting should match snapshot 1`] = `
<body>
  <div>
    <div>
      <div
        class=""
      >
        <div
          class="input input--select    "
          data-testid="select"
        >
          <label
            class="top-1.5 translate-y-2 text-sm"
            for="Repository"
          >
            Repository
          </label>
          <div
            class=" css-b62m3t-container"
          >
            <span
              class="css-1f43avz-a11yText-A11yText"
              id="react-select-2-live-region"
            />
            <span
              aria-atomic="false"
              aria-live="polite"
              aria-relevant="additions text"
              class="css-1f43avz-a11yText-A11yText"
            />
            <div
              class="input-select__control css-13cymwt-control"
            >
              <div
                class="input-select__value-container css-1fdsijx-ValueContainer"
              >
                <div
                  class="input-select__placeholder css-1jqq78o-placeholder"
                  id="react-select-2-placeholder"
                >
                  Select...
                </div>
                <div
                  class="input-select__input-container css-qbdosj-Input"
                  data-value=""
                >
                  <input
                    aria-autocomplete="list"
                    aria-describedby="react-select-2-placeholder"
                    aria-expanded="false"
                    aria-haspopup="true"
                    autocapitalize="none"
                    autocomplete="off"
                    autocorrect="off"
                    class="input-select__input"
                    id="Repository"
                    role="combobox"
                    spellcheck="false"
                    style="opacity: 1; width: 100%; grid-area: 1 / 2; min-width: 2px; border: 0px; margin: 0px; outline: 0; padding: 0px;"
                    tabindex="0"
                    type="text"
                    value=""
                  />
                </div>
              </div>
              <div
                class="input-select__indicators css-1hb7zxy-IndicatorsContainer"
              >
                <span
                  class="input-select__indicator-separator css-1u9des2-indicatorSeparator"
                />
                <div
                  aria-hidden="true"
                  class="input-select__indicator input-select__dropdown-indicator css-1xc3v61-indicatorContainer"
                >
                  <svg
                    aria-hidden="true"
                    class="css-tj5bde-Svg"
                    focusable="false"
                    height="20"
                    viewBox="0 0 20 20"
                    width="20"
                  >
                    <path
                      d="M4.516 7.548c0.436-0.446 1.043-0.481 1.576 0l3.908 3.747 3.908-3.747c0.533-0.481 1.141-0.446 1.574 0 0.436 0.445 0.408 1.197 0 1.615-0.406 0.418-4.695 4.502-4.695 4.502-0.217 0.223-0.502 0.335-0.787 0.335s-0.57-0.112-0.789-0.335c0 0-4.287-4.084-4.695-4.502s-0.436-1.17 0-1.615z"
                    />
                  </svg>
                </div>
              </div>
            </div>
            <input
              name="Repository"
              type="hidden"
              value=""
            />
          </div>
          <input
            name="Repository"
            type="hidden"
            value=""
          />
          <div
            class="pointer-events-none absolute right-4 top-1/2 -translate-y-1/2"
          >
            <span
              class="icon-solid-angle-down shrink-0 text-sm text-neutral-400"
              role="img"
            />
          </div>
        </div>
      </div>
      <a
        class="cursor-pointer transition duration-100 font-medium inline-flex items-center gap-1 text-sky-500 hover:text-sky-600 text-xs ml-3"
        href="https://github.com/qovery/console"
        rel="noopener noreferrer"
        target="_blank"
      >
        Go to repository
        <i
          aria-hidden="true"
          class="fa-solid fa-arrow-up-right-from-square text-2xs leading-4"
        />
      </a>
    </div>
  </div>
</body>
`;
